\BOOKMARK [1][-]{section.1}{\376\377\230\171\166\356\166\204\166\356\166\204\124\214\211\201\154\102}{}% 1
\BOOKMARK [2][-]{subsection.1.1}{\376\377\230\171\166\356\166\356\166\204}{section.1}% 2
\BOOKMARK [2][-]{subsection.1.2}{\376\377\230\171\166\356\133\236\163\260\211\201\154\102}{section.1}% 3
\BOOKMARK [1][-]{section.2}{\376\377\123\237\164\006\116\016\213\276\213\241}{}% 4
\BOOKMARK [2][-]{subsection.2.1}{\376\377\131\026\211\302\213\276\213\241}{section.2}% 5
\BOOKMARK [2][-]{subsection.2.2}{\376\377\174\373\176\337\140\073\117\123\147\266\147\204}{section.2}% 6
\BOOKMARK [2][-]{subsection.2.3}{\376\377\000P\000I\000D\143\247\122\066\123\237\164\006}{section.2}% 7
\BOOKMARK [3][-]{subsubsection.2.3.1}{\376\377\173\227\154\325\123\237\164\006}{subsection.2.3}% 8
\BOOKMARK [3][-]{subsubsection.2.3.2}{\376\377\123\314\163\257\000\040\000P\000I\000D\000\040\176\323\147\204}{subsection.2.3}% 9
\BOOKMARK [2][-]{subsection.2.4}{\376\377\215\205\130\360\154\342\155\113\215\335\123\237\164\006}{section.2}% 10
\BOOKMARK [3][-]{subsubsection.2.4.1}{\376\377\000H\000C\000-\000S\000R\0000\0004\000\040\117\040\141\037\126\150\135\345\117\134\123\237\164\006}{subsection.2.4}% 11
\BOOKMARK [3][-]{subsubsection.2.4.2}{\376\377\123\314\215\357\116\244\146\377\155\113\215\335\213\276\213\241}{subsection.2.4}% 12
\BOOKMARK [2][-]{subsection.2.5}{\376\377\000P\000W\000M\000\040\165\065\147\072\232\161\122\250\123\237\164\006}{section.2}% 13
\BOOKMARK [3][-]{subsubsection.2.5.1}{\376\377\000H\000\040\150\145\232\161\122\250\116\016\000\040\000P\000W\000M\000\040\214\003\220\037}{subsection.2.5}% 14
\BOOKMARK [3][-]{subsubsection.2.5.2}{\376\377\145\271\124\021\143\247\122\066\220\073\217\221}{subsection.2.5}% 15
\BOOKMARK [2][-]{subsection.2.6}{\376\377\000O\000L\000E\000D\146\076\171\072\116\016\000I\0002\000C\220\032\117\341\123\237\164\006}{section.2}% 16
\BOOKMARK [3][-]{subsubsection.2.6.1}{\376\377\000S\000S\000D\0001\0003\0000\0006\000\040\000O\000L\000E\000D\146\076\171\072\134\117}{subsection.2.6}% 17
\BOOKMARK [3][-]{subsubsection.2.6.2}{\376\377\000I\0002\000C\000\040\220\032\117\341\123\117\213\256}{subsection.2.6}% 18
\BOOKMARK [2][-]{subsection.2.7}{\376\377\140\305\141\037\123\026\210\150\140\305\146\076\171\072\213\276\213\241}{section.2}% 19
\BOOKMARK [2][-]{subsection.2.8}{\376\377\131\032\152\041\137\017\210\114\116\072\122\007\143\142\213\276\213\241}{section.2}% 20
\BOOKMARK [2][-]{subsection.2.9}{\376\377\213\355\227\363\213\306\122\053\116\016\215\350\202\257\162\107\137\002\153\145\220\032\117\341}{section.2}% 21
\BOOKMARK [1][-]{section.3}{\376\377\155\113\213\325\124\214\122\006\147\220}{}% 22
\BOOKMARK [2][-]{subsection.3.1}{\376\377\201\352\122\250\215\337\226\217\122\237\200\375\155\113\213\325\116\016\122\006\147\220}{section.3}% 23
\BOOKMARK [2][-]{subsection.3.2}{\376\377\213\355\227\363\143\247\122\066\152\041\137\017\122\007\143\142\122\237\200\375\155\113\213\325\116\016\122\006\147\220}{section.3}% 24
\BOOKMARK [2][-]{subsection.3.3}{\376\377\000O\000L\000E\000D\000\040\146\076\171\072\122\237\200\375\155\113\213\325\116\016\122\006\147\220}{section.3}% 25
\BOOKMARK [2][-]{subsection.3.4}{\376\377\133\236\215\365\217\307\172\013\116\055\166\204\117\030\123\026}{section.3}% 26
\BOOKMARK [3][-]{subsubsection.3.4.1}{\376\377\213\355\227\363\220\032\117\341\147\266\147\204\145\271\150\110\166\204\217\355\116\343}{subsection.3.4}% 27
\BOOKMARK [3][-]{subsubsection.3.4.2}{\376\377\140\073\176\277\220\032\117\341\123\117\213\256\166\204\174\276\173\200}{subsection.3.4}% 28
\BOOKMARK [1][-]{section.4}{\376\377\230\171\166\356\142\020\147\234}{}% 29
\BOOKMARK [2][-]{subsection.4.1}{\376\377\133\236\162\151\140\073\211\310}{section.4}% 30
\BOOKMARK [2][-]{subsection.4.2}{\376\377\133\236\163\260\166\204\122\237\200\375}{section.4}% 31
\BOOKMARK [2][-]{subsection.4.3}{\376\377\213\276\213\241\166\204\213\376\172\013\167\345\213\306\217\320\165\050}{section.4}% 32
\BOOKMARK [3][-]{subsubsection.4.3.1}{\376\377\217\320\143\247\152\041\127\127\377\032}{subsection.4.3}% 33
\BOOKMARK [3][-]{subsubsection.4.3.2}{\376\377\210\150\140\305\143\247\122\066\377\032}{subsection.4.3}% 34
\BOOKMARK [2][-]{subsection.4.4}{\376\377\213\276\213\241\166\204\131\015\147\102\140\047}{section.4}% 35
\BOOKMARK [2][-]{subsection.4.5}{\376\377\213\276\213\241\162\171\160\271\116\016\122\033\145\260}{section.4}% 36
\BOOKMARK [1][-]{section.5}{\376\377\140\073\176\323}{}% 37
\BOOKMARK [2][-]{subsection.5.1}{\376\377\213\276\213\241\133\214\142\020\140\305\121\265}{section.5}% 38
\BOOKMARK [2][-]{subsection.5.2}{\376\377\116\015\215\263\116\016\134\125\147\033}{section.5}% 39
\BOOKMARK [2][-]{subsection.5.3}{\376\377\137\303\137\227}{section.5}% 40
\BOOKMARK [1][-]{section.A}{\376\377\116\343\170\001\176\323\147\204}{}% 41
\BOOKMARK [2][-]{subsection.A.1}{\376\377\152\041\127\127\176\323\147\204}{section.A}% 42
\BOOKMARK [1][-]{section.B}{\376\377\133\214\145\164\116\343\170\001}{}% 43
\BOOKMARK [2][-]{subsection.B.1}{\376\377\000c\000o\000n\000t\000r\000o\000l\000.\000v}{section.B}% 44
\BOOKMARK [2][-]{subsection.B.2}{\376\377\000O\000L\000E\000D\000/\000i\000i\000c\000.\000v}{section.B}% 45
\BOOKMARK [2][-]{subsection.B.3}{\376\377\000O\000L\000E\000D\000/\000f\000o\000n\000t\000\137\000d\000a\000t\000a\000.\000v}{section.B}% 46
\BOOKMARK [2][-]{subsection.B.4}{\376\377\000O\000L\000E\000D\000/\000O\000l\000e\000d\000\137\000T\000o\000p\000.\000v}{section.B}% 47
\BOOKMARK [2][-]{subsection.B.5}{\376\377\000O\000L\000E\000D\000/\000O\000l\000e\000d\000\137\000I\000n\000i\000t\000.\000v}{section.B}% 48
\BOOKMARK [2][-]{subsection.B.6}{\376\377\000O\000L\000E\000D\000/\000O\000l\000e\000d\000\137\000S\000h\000o\000w\000\137\000c\000o\000n\000t\000r\000o\000l\000.\000v}{section.B}% 49
\BOOKMARK [2][-]{subsection.B.7}{\376\377\000O\000L\000E\000D\000/\000O\000l\000e\000d\000\137\000S\000h\000o\000w\000\137\000I\000n\000f\000o\000.\000v}{section.B}% 50
\BOOKMARK [2][-]{subsection.B.8}{\376\377\000O\000L\000E\000D\000/\000O\000l\000e\000d\000\137\000C\000l\000e\000a\000r\000.\000v}{section.B}% 51
\BOOKMARK [2][-]{subsection.B.9}{\376\377\000O\000L\000E\000D\000/\000O\000l\000e\000d\000\137\000O\000n\000.\000v}{section.B}% 52
\BOOKMARK [2][-]{subsection.B.10}{\376\377\000O\000L\000E\000D\000/\000t\000o\000p\000c\000o\000n\000t\000r\000o\000l\000.\000v}{section.B}% 53
